[docs.cloudfoundry.org/cf-cli/index.html]
[backblue.gif]
[fade.gif]
[index.html]
[docs.cloudfoundry.org/stylesheets/all.css]
[docs.cloudfoundry.org/stylesheets/print.css]
[docs.cloudfoundry.org/javascripts/all.js]
[docs.cloudfoundry.org/cf-cli/install-go-cli.html]
[docs.cloudfoundry.org/cf-cli/getting-started.html]
[docs.cloudfoundry.org/cf-cli/http-proxy.html]
[docs.cloudfoundry.org/cf-cli/self-signed.html]
[docs.cloudfoundry.org/cf-cli/use-cli-plugins.html]
[docs.cloudfoundry.org/cf-cli/develop-cli-plugins.html]
[docs.cloudfoundry.org/cf-cli/index.html]
[docs.cloudfoundry.org/stylesheets/all.css]
[docs.cloudfoundry.org/stylesheets/print.css]
[docs.cloudfoundry.org/cf-cli/install-go-cli.html]
[docs.cloudfoundry.org/cf-cli/getting-started.html]
[docs.cloudfoundry.org/cf-cli/cf-help.html]
[docs.cloudfoundry.org/cf-cli/images/properties.png]
[docs.cloudfoundry.org/cf-cli/images/adv-settings.png]
[docs.cloudfoundry.org/cf-cli/images/env-var.png]
[docs.cloudfoundry.org/cf-cli/images/new.png]
[docs.cloudfoundry.org/cf-cli/http-proxy.html]
[docs.cloudfoundry.org/cf-cli/self-signed.html]
[docs.cloudfoundry.org/cf-cli/use-cli-plugins.html]
[docs.cloudfoundry.org/cf-cli/develop-cli-plugins.html]
[docs.cloudfoundry.org/cf-cli/cf-help.html]
[docs.cloudfoundry.org/cf-cli/images/proxy.png]
